// Jest Snapshot v1, https://goo.gl/fbAQLP

exports[`<MovieCardFullOverview/> MovieCardFullOverview renders correctly 1`] = `
<Fragment>
  <div
    className="movie-rating"
  >
    <div
      className="movie-rating__score"
    >
      4
    </div>
    <p
      className="movie-rating__meta"
    >
      <span
        className="movie-rating__level"
      />
      <span
        className="movie-rating__count"
      >
        1990
         ratings
      </span>
    </p>
  </div>
  <div
    className="movie-card__text"
  >
    <p>
      Film
    </p>
    <p
      className="movie-card__director"
    >
      <strong>
        Director: 
        Raccoon
      </strong>
    </p>
    <p
      className="movie-card__starring"
    >
      <strong>
        Starring: 
      </strong>
    </p>
  </div>
</Fragment>
`;
