// Jest Snapshot v1, https://goo.gl/fbAQLP

exports[`<WelcomeScreen/> WelcomeScreen renders correctly 1`] = `
<Fragment>
  <section
    className="movie-card"
  >
    <div
      className="movie-card__bg"
    >
      <img />
    </div>
    <h1
      className="visually-hidden"
    >
      WTW
    </h1>
    <ConnectFunction
      withAuth={true}
    />
  </section>
  <div
    className="page-content"
  >
    <section
      className="catalog"
    >
      <ConnectFunction
        activeGenre="Comedies"
        genres={
          Array [
            "Comedies",
          ]
        }
        onGenreLinkClick={[MockFunction]}
      />
      <WithActiveFilm
        filmsList={
          Array [
            Object {
              "genreId": 1,
              "id": 1,
              "image": "img/fantastic-beasts-the-crimes-of-grindelwald.jpg",
              "title": "Fantastic Beasts",
              "video": "https://download.blender.org/durian/trailer/sintel_trailer-480p.mp4",
            },
          ]
        }
      />
    </section>
    <Footer />
  </div>
</Fragment>
`;
