// Jest Snapshot v1, https://goo.gl/fbAQLP

exports[`<VideoPlayer/> VideoPlayer renders correctly 1`] = `
<video
  autoPlay={true}
  controls={true}
  height="175"
  muted={true}
  playsInline={true}
  poster="img/fantastic-beasts-the-crimes-of-grindelwald.jpg"
  src="https://download.blender.org/durian/trailer/sintel_trailer-480p.mp4"
  width="280"
/>
`;
