// Jest Snapshot v1, https://goo.gl/fbAQLP

exports[`<PageFilmReview/> PageFilmReview renders correctly 1`] = `
<div
  className="movie-card movie-card--full"
>
  <div
    className="movie-card__header"
  >
    <div
      className="movie-card__bg"
    >
      <img
        alt="Fantastic Beasts"
        src="img/fantastic-beasts-the-crimes-of-grindelwald.jpg"
      />
    </div>
    <h1
      className="visually-hidden"
    >
      WTW
    </h1>
    <ConnectFunction
      withAuth={true}
    />
    <div
      className="movie-card__poster movie-card__poster--small"
    >
      <img
        alt="Fantastic Beasts"
        height="327"
        src="img/fantastic-beasts-the-crimes-of-grindelwald.jpg"
        width="218"
      />
    </div>
  </div>
  <ReviewForm />
</div>
`;
